2026-07-07T05:13:27Z INF Thank you for trying Cloudflare Tunnel. Doing so, without a Cloudflare account, is a quick way to experiment and try it out. However, be aware that these account-less Tunnels have no uptime guarantee, are subject to the Cloudflare Online Services Terms of Use (https://www.cloudflare.com/website-terms/), and Cloudflare reserves the right to investigate your use of Tunnels for violations of such terms. If you intend to use Tunnels in production you should use a pre-created named tunnel by following: https://developers.cloudflare.com/cloudflare-one/connections/connect-apps
2026-07-07T05:13:27Z INF Requesting new quick Tunnel on trycloudflare.com...
2026-07-07T05:13:31Z INF +--------------------------------------------------------------------------------------------+
2026-07-07T05:13:31Z INF |  Your quick Tunnel has been created! Visit it at (it may take some time to be reachable):  |
2026-07-07T05:13:31Z INF |  https://bidding-virtually-modular-lion.trycloudflare.com                                  |
2026-07-07T05:13:31Z INF +--------------------------------------------------------------------------------------------+
2026-07-07T05:13:31Z INF Cannot determine default configuration path. No file [config.yml config.yaml] in [~/.cloudflared ~/.cloudflare-warp ~/cloudflare-warp /etc/cloudflared /usr/local/etc/cloudflared]
2026-07-07T05:13:31Z INF Version 2026.6.1 (Checksum dc91c8e5e2c02b802c5daa06867e1d74a909af2a89f83c5ac5ac1703222edcc0)
2026-07-07T05:13:31Z INF GOOS: darwin, GOVersion: go1.26.4, GoArch: arm64
2026-07-07T05:13:31Z INF Settings: map[ha-connections:1 protocol:quic url:http://127.0.0.1:5678]
2026-07-07T05:13:31Z INF cloudflared will not automatically update if installed by a package manager.
2026-07-07T05:13:31Z INF Generated Connector ID: 23145d6c-32b9-4afd-be96-07f8420033ae
2026-07-07T05:13:31Z INF Initial protocol quic
2026-07-07T05:13:31Z INF ICMP proxy will use 172.24.92.247 as source for IPv4
2026-07-07T05:13:31Z INF ICMP proxy will use fe80::1469:f1ec:86df:c854 in zone en0 as source for IPv6
2026-07-07T05:13:31Z INF Created ICMP proxy listening on 172.24.92.247:0
2026-07-07T05:13:31Z INF ICMP proxy will use 172.24.92.247 as source for IPv4
2026-07-07T05:13:31Z INF ICMP proxy will use fe80::1469:f1ec:86df:c854 in zone en0 as source for IPv6
2026-07-07T05:13:31Z INF Starting metrics server on 127.0.0.1:20243/metrics
2026-07-07T05:13:31Z INF Tunnel connection curve preferences: [X25519MLKEM768 CurveID(65074) CurveP256] connIndex=0 event=0 ip=198.41.192.57
2026-07-07T05:13:31Z INF Registered tunnel connection connIndex=0 connection=286eb8f7-76a0-4956-a424-c0e8928c602b event=0 ip=198.41.192.57 location=icn06 protocol=quic
2026-07-07T05:13:38Z INF +-------------------------------------------------------------------------------------+
2026-07-07T05:13:38Z INF |                               CONNECTIVITY PRE-CHECKS                               |
2026-07-07T05:13:38Z INF +-------------------------------------------------------------------------------------+
2026-07-07T05:13:38Z INF |  COMPONENT         TARGET                     STATUS  DETAILS                       |
2026-07-07T05:13:38Z INF |  DNS Resolution    region1.v2.argotunnel.com  PASS    DNS Resolved successfully     |
2026-07-07T05:13:38Z INF |  DNS Resolution    region2.v2.argotunnel.com  PASS    DNS Resolved successfully     |
2026-07-07T05:13:38Z INF |  UDP Connectivity  region1.v2.argotunnel.com  PASS    QUIC connection successful    |
2026-07-07T05:13:38Z INF |  UDP Connectivity  region2.v2.argotunnel.com  PASS    QUIC connection successful    |
2026-07-07T05:13:38Z INF |  TCP Connectivity  region1.v2.argotunnel.com  PASS    HTTP/2 connection successful  |
2026-07-07T05:13:38Z INF |  TCP Connectivity  region2.v2.argotunnel.com  PASS    HTTP/2 connection successful  |
2026-07-07T05:13:38Z INF |  Cloudflare API    api.cloudflare.com:443     PASS    API is reachable              |
2026-07-07T05:13:38Z INF |                                                                                     |
2026-07-07T05:13:38Z INF |  SUMMARY: Environment is healthy. cloudflared will use 'quic' as primary protocol.  |
2026-07-07T05:13:38Z INF +-------------------------------------------------------------------------------------+
2026-07-07T05:13:38Z INF precheck component="DNS Resolution" details="DNS Resolved successfully" run_id=b755ce90-e516-4a99-9bce-99b2e359d24e status=pass target=region1.v2.argotunnel.com
2026-07-07T05:13:38Z INF precheck component="DNS Resolution" details="DNS Resolved successfully" run_id=b755ce90-e516-4a99-9bce-99b2e359d24e status=pass target=region2.v2.argotunnel.com
2026-07-07T05:13:38Z INF precheck component="UDP Connectivity" details="QUIC connection successful" run_id=b755ce90-e516-4a99-9bce-99b2e359d24e status=pass target=region1.v2.argotunnel.com
2026-07-07T05:13:38Z INF precheck component="UDP Connectivity" details="QUIC connection successful" run_id=b755ce90-e516-4a99-9bce-99b2e359d24e status=pass target=region2.v2.argotunnel.com
2026-07-07T05:13:38Z INF precheck component="TCP Connectivity" details="HTTP/2 connection successful" run_id=b755ce90-e516-4a99-9bce-99b2e359d24e status=pass target=region1.v2.argotunnel.com
2026-07-07T05:13:38Z INF precheck component="TCP Connectivity" details="HTTP/2 connection successful" run_id=b755ce90-e516-4a99-9bce-99b2e359d24e status=pass target=region2.v2.argotunnel.com
2026-07-07T05:13:38Z INF precheck component="Cloudflare API" details="API is reachable" run_id=b755ce90-e516-4a99-9bce-99b2e359d24e status=pass target=api.cloudflare.com:443
2026-07-07T05:13:38Z INF precheck complete hard_fail=false run_id=b755ce90-e516-4a99-9bce-99b2e359d24e suggested_protocol=quic
2026-07-07T05:13:45Z INF Initiating graceful shutdown due to signal interrupt ...
